Component: ARM Compiler 5.05 update 2 (build 169) Tool: armlink [4d0f33]

==============================================================================

Section Cross References



==============================================================================

Removing Unused input sections from the image.

    Removing connect4.o(globals), (0 bytes).

1 unused section(s) (total 0 bytes) removed from the image.

==============================================================================

Image Symbol Table

    Local Symbols

    Symbol Name                              Value     Ov Type        Size  Object(Section)

    RESET                                    0x00000000   Section     2808  connect4.o(RESET)
    connect4.s                               0x00000000   Number         0  connect4.o ABSOLUTE
    INVALIDSTARTINGCHOICE                    0x0000019c   Data          86  connect4.o(RESET)
    ROBOTCHOICE                              0x000001f2   Data          77  connect4.o(RESET)
    DRAW                                     0x0000023f   Data          74  connect4.o(RESET)
    ASKFORINPUT                              0x00000289   Data          57  connect4.o(RESET)
    FULLCOLUMN                               0x000002c2   Data          65  connect4.o(RESET)
    win                                      0x00000303   Data           8  connect4.o(RESET)
    PLAYERONESGO                             0x0000030b   Data          24  connect4.o(RESET)
    PLAYERTWOSGO                             0x00000323   Data          24  connect4.o(RESET)
    ROBOTSGO                                 0x0000033b   Data          24  connect4.o(RESET)
    INVALIDINPUT                             0x00000353   Data          60  connect4.o(RESET)
    str_go                                   0x0000038f   Data          26  connect4.o(RESET)
    str_newline                              0x000003a9   Data           3  connect4.o(RESET)
    BOARD                                    0x000003ac   Data          28  connect4.o(RESET)

    Global Symbols

    Symbol Name                              Value     Ov Type        Size  Object(Section)

    BuildAttributes$$THM_ISAv1$ARM_ISAv4$S$PE$A:L22$X:L11$S22$IEEE1$IW$USESV6$~STKCKD$USESV7$~SHL$OSPACE$EBA8$STANDARDLIB$EABIv2 0x00000000   Number         0  anon$$obj.o ABSOLUTE



==============================================================================

Memory Map of the image

  Image Entry point : 0x00000000

  Load Region LR_IROM1 (Base: 0x00000000, Size: 0x00000af8, Max: 0x00080000, ABSOLUTE)

    Execution Region ER_IROM1 (Base: 0x00000000, Size: 0x00000af8, Max: 0x00080000, ABSOLUTE)

    Base Addr    Size         Type   Attr      Idx    E Section Name        Object

    0x00000000   0x00000af8   Code   RO            2  * RESET               connect4.o


    Execution Region RW_IRAM1 (Base: 0x40000000, Size: 0x00000000, Max: 0x00010000, ABSOLUTE, UNINIT)

    **** No section assigned to this execution region ****


==============================================================================

Image component sizes


      Code (inc. data)   RO Data    RW Data    ZI Data      Debug   Object Name

      2808        812          0          0          0        760   connect4.o

    ----------------------------------------------------------------------
      2808        812          0          0          0        760   Object Totals
         0          0          0          0          0          0   (incl. Generated)
         0          0          0          0          0          0   (incl. Padding)

    ----------------------------------------------------------------------
         0          0          0          0          0          0   Library Totals
         0          0          0          0          0          0   (incl. Padding)

    ----------------------------------------------------------------------

==============================================================================


      Code (inc. data)   RO Data    RW Data    ZI Data      Debug   

      2808        812          0          0          0        760   Grand Totals
      2808        812          0          0          0        760   ELF Image Totals
      2808        812          0          0          0          0   ROM Totals

==============================================================================

    Total RO  Size (Code + RO Data)                 2808 (   2.74kB)
    Total RW  Size (RW Data + ZI Data)                 0 (   0.00kB)
    Total ROM Size (Code + RO Data + RW Data)       2808 (   2.74kB)

==============================================================================

